testInjectNode[2]=[
bar;
=====
foo;bar;
]


testInjectNode[empty]=[

=====
foo;
]


testInjectNode[simple]=[
#version 5432
bar;
=====
foo;#version 5432
bar;
]